INFO  Diffblue Cover 2025.06.02-fd4f1ca-licensed
INFO  
INFO  Command: refactor
INFO  Apply refactorings.
INFO  
INFO  Discovered modules:
INFO  - org.finos.legend.depot:legend-depot-test-reports
INFO  - org.finos.legend.depot:legend-depot-model
INFO  - org.finos.legend.depot:legend-depot-pure-model-context
INFO  - org.finos.legend.depot:legend-depot-store-mongo
INFO  - org.finos.legend.depot:legend-depot-core-schedules-api
INFO  - org.finos.legend.depot:legend-depot-core-schedules
INFO  - org.finos.legend.depot:legend-depot-core-schedules-store-mongo
INFO  - org.finos.legend.depot:legend-depot-metrics-query-api
INFO  - org.finos.legend.depot:legend-depot-metrics-query-services
INFO  - org.finos.legend.depot:legend-depot-metrics-query-store-mongo
INFO  - org.finos.legend.depot:legend-depot-notifications-api
INFO  - org.finos.legend.depot:legend-depot-notifications-services
INFO  - org.finos.legend.depot:legend-depot-notifications-store-mongo
INFO  - org.finos.legend.depot:legend-depot-notifications-queue-mongo
INFO  - org.finos.legend.depot:legend-depot-core-data-api
INFO  - org.finos.legend.depot:legend-depot-core-data-services
INFO  - org.finos.legend.depot:legend-depot-core-data-store-mongo
INFO  - org.finos.legend.depot:legend-depot-entities-api
INFO  - org.finos.legend.depot:legend-depot-entities-services
INFO  - org.finos.legend.depot:legend-depot-entities-store-mongo
INFO  - org.finos.legend.depot:legend-depot-generations-api
INFO  - org.finos.legend.depot:legend-depot-generations-services
INFO  - org.finos.legend.depot:legend-depot-generations-store-mongo
INFO  - org.finos.legend.depot:legend-depot-core-tracing
INFO  - org.finos.legend.depot:legend-depot-core-authorisation
INFO  - org.finos.legend.depot:legend-depot-artifacts-api
INFO  - org.finos.legend.depot:legend-depot-artifacts-store-mongo
INFO  - org.finos.legend.depot:legend-depot-artifacts-services
INFO  - org.finos.legend.depot:legend-depot-artifacts-repository-api
INFO  - org.finos.legend.depot:legend-depot-artifacts-repository-maven-impl
INFO  - org.finos.legend.depot:legend-depot-servers-common
INFO  - org.finos.legend.depot:legend-depot-server
INFO  - org.finos.legend.depot:legend-depot-store-server
INFO  - org.finos.legend.depot:legend-depot-core-store-api
INFO  
INFO  
INFO   [1/34] Refactoring module: org.finos.legend.depot:legend-depot-test-reports
INFO  ============================================================================
INFO  
INFO  Detected Java version 11.0.27
INFO  Selected build system: Maven
INFO  Selected classpath from build system maven
INFO  Selected Java language compliance level: 11
WARN  E129: No source files found
      No source files were found, you may want to exclude this module from analysis
      using the `--exclude-modules` argument to exclude this module.
INFO  Applying refactorings from configuration file C:\Users\ybagge\benchmarks\legend-depot\legend-depot-test-reports\.diffblue\refactorings.yml
WARN  Refactorings failed. Restoring changes.
ERROR E042: Failed to write refactoring config file
      The refactoring configuration file
      'C:\Users\ybagge\benchmarks\legend-depot\legend-depot-test-reports\.diffblue\refactorings.yml'
      could not be written.
      Cause: C:\Users\ybagge\benchmarks\legend-depot\legend-depot-test-reports\src\main\java
      Please enable write permissions on this file and its parent folder.
INFO  
INFO   [2/34] Refactoring module: org.finos.legend.depot:legend-depot-model
INFO  =====================================================================
INFO  
INFO  Detected Java version 11.0.27
INFO  Selected build system: Maven
INFO  Selected classpath from build system maven
INFO  Selected Java language compliance level: 11
INFO  Applying refactorings from configuration file C:\Users\ybagge\benchmarks\legend-depot\legend-depot-model\.diffblue\refactorings.yml
INFO  Refreshing project state
INFO  Validating refactorings -- this may take a few moments...
INFO  Modifications applied:
INFO    legend-depot-model\pom.xml
INFO  Refactorings completed
INFO  
INFO   [3/34] Refactoring module: org.finos.legend.depot:legend-depot-pure-model-context
INFO  ==================================================================================
INFO  
INFO  Detected Java version 11.0.27
INFO  Selected build system: Maven
INFO  Selected classpath from build system maven
INFO  Selected Java language compliance level: 11
INFO  Applying refactorings from configuration file C:\Users\ybagge\benchmarks\legend-depot\legend-depot-pure-model-context\.diffblue\refactorings.yml
INFO  Refactorings completed. No files were modified.
INFO  
INFO   [4/34] Refactoring module: org.finos.legend.depot:legend-depot-store-mongo
INFO  ===========================================================================
INFO  
INFO  Detected Java version 11.0.27
INFO  Selected build system: Maven
INFO  Selected classpath from build system maven
INFO  Selected Java language compliance level: 11
INFO  Applying refactorings from configuration file C:\Users\ybagge\benchmarks\legend-depot\legend-depot-store-mongo\.diffblue\refactorings.yml
INFO  Refreshing project state
INFO  Validating refactorings -- this may take a few moments...
INFO  Modifications applied:
INFO    legend-depot-store-mongo\pom.xml
INFO  Refactorings completed
INFO  
INFO   [5/34] Refactoring module: org.finos.legend.depot:legend-depot-core-schedules-api
INFO  ==================================================================================
INFO  
INFO  Detected Java version 11.0.27
INFO  Selected build system: Maven
INFO  Selected classpath from build system maven
INFO  Selected Java language compliance level: 11
INFO  Applying refactorings from configuration file C:\Users\ybagge\benchmarks\legend-depot\legend-depot-core-schedules-api\.diffblue\refactorings.yml
INFO  Refreshing project state
INFO  Validating refactorings -- this may take a few moments...
INFO  Modifications applied:
INFO    legend-depot-core-schedules-api\pom.xml
INFO  Refactorings completed
INFO  
INFO   [6/34] Refactoring module: org.finos.legend.depot:legend-depot-core-schedules
INFO  ==============================================================================
INFO  
INFO  Detected Java version 11.0.27
INFO  Selected build system: Maven
INFO  Selected classpath from build system maven
INFO  Selected Java language compliance level: 11
INFO  Applying refactorings from configuration file C:\Users\ybagge\benchmarks\legend-depot\legend-depot-core-schedules\.diffblue\refactorings.yml
INFO  Refreshing project state
INFO  Validating refactorings -- this may take a few moments...
INFO  Modifications applied:
INFO    legend-depot-core-schedules\pom.xml
INFO  Refactorings completed
INFO  
INFO   [7/34] Refactoring module: org.finos.legend.depot:legend-depot-core-schedules-store-mongo
INFO  ==========================================================================================
INFO  
INFO  Detected Java version 11.0.27
INFO  Selected build system: Maven
INFO  Selected classpath from build system maven
INFO  Selected Java language compliance level: 11
INFO  Applying refactorings from configuration file C:\Users\ybagge\benchmarks\legend-depot\legend-depot-core-schedules-store-mongo\.diffblue\refactorings.yml
INFO  Refreshing project state
INFO  Validating refactorings -- this may take a few moments...
INFO  Modifications applied:
INFO    legend-depot-core-schedules-store-mongo\pom.xml
INFO  Refactorings completed
INFO  
INFO   [8/34] Refactoring module: org.finos.legend.depot:legend-depot-metrics-query-api
INFO  =================================================================================
INFO  
INFO  Detected Java version 11.0.27
INFO  Selected build system: Maven
INFO  Selected classpath from build system maven
INFO  Selected Java language compliance level: 11
INFO  Applying refactorings from configuration file C:\Users\ybagge\benchmarks\legend-depot\legend-depot-metrics-query-api\.diffblue\refactorings.yml
INFO  Refreshing project state
INFO  Validating refactorings -- this may take a few moments...
INFO  Modifications applied:
INFO    legend-depot-metrics-query-api\pom.xml
INFO  Refactorings completed
INFO  
INFO   [9/34] Refactoring module: org.finos.legend.depot:legend-depot-metrics-query-services
INFO  ======================================================================================
INFO  
INFO  Detected Java version 11.0.27
INFO  Selected build system: Maven
INFO  Selected classpath from build system maven
INFO  Selected Java language compliance level: 11
INFO  Applying refactorings from configuration file C:\Users\ybagge\benchmarks\legend-depot\legend-depot-metrics-query-services\.diffblue\refactorings.yml
INFO  Refreshing project state
INFO  Validating refactorings -- this may take a few moments...
INFO  Modifications applied:
INFO    legend-depot-metrics-query-services\pom.xml
INFO  Refactorings completed
INFO  
INFO  [10/34] Refactoring module: org.finos.legend.depot:legend-depot-metrics-query-store-mongo
INFO  =========================================================================================
INFO  
INFO  Detected Java version 11.0.27
INFO  Selected build system: Maven
INFO  Selected classpath from build system maven
INFO  Selected Java language compliance level: 11
INFO  Applying refactorings from configuration file C:\Users\ybagge\benchmarks\legend-depot\legend-depot-metrics-query-store-mongo\.diffblue\refactorings.yml
INFO  Refreshing project state
INFO  Validating refactorings -- this may take a few moments...
INFO  Modifications applied:
INFO    legend-depot-metrics-query-store-mongo\pom.xml
INFO  Refactorings completed
INFO  
INFO  [11/34] Refactoring module: org.finos.legend.depot:legend-depot-notifications-api
INFO  =================================================================================
INFO  
INFO  Detected Java version 11.0.27
INFO  Selected build system: Maven
INFO  Selected classpath from build system maven
INFO  Selected Java language compliance level: 11
INFO  Applying refactorings from configuration file C:\Users\ybagge\benchmarks\legend-depot\legend-depot-notifications-api\.diffblue\refactorings.yml
INFO  Refreshing project state
INFO  Validating refactorings -- this may take a few moments...
INFO  Modifications applied:
INFO    legend-depot-notifications-api\pom.xml
INFO  Refactorings completed
INFO  
INFO  [12/34] Refactoring module: org.finos.legend.depot:legend-depot-notifications-services
INFO  ======================================================================================
INFO  
INFO  Detected Java version 11.0.27
INFO  Selected build system: Maven
INFO  Selected classpath from build system maven
INFO  Selected Java language compliance level: 11
INFO  Applying refactorings from configuration file C:\Users\ybagge\benchmarks\legend-depot\legend-depot-notifications-services\.diffblue\refactorings.yml
INFO  Refreshing project state
INFO  Validating refactorings -- this may take a few moments...
INFO  Modifications applied:
INFO    legend-depot-notifications-services\pom.xml
INFO  Refactorings completed
INFO  
INFO  [13/34] Refactoring module: org.finos.legend.depot:legend-depot-notifications-store-mongo
INFO  =========================================================================================
INFO  
INFO  Detected Java version 11.0.27
INFO  Selected build system: Maven
INFO  Selected classpath from build system maven
INFO  Selected Java language compliance level: 11
INFO  Applying refactorings from configuration file C:\Users\ybagge\benchmarks\legend-depot\legend-depot-notifications-store-mongo\.diffblue\refactorings.yml
INFO  Refreshing project state
INFO  Validating refactorings -- this may take a few moments...
INFO  Modifications applied:
INFO    legend-depot-notifications-store-mongo\pom.xml
INFO  Refactorings completed
INFO  
INFO  [14/34] Refactoring module: org.finos.legend.depot:legend-depot-notifications-queue-mongo
INFO  =========================================================================================
INFO  
INFO  Detected Java version 11.0.27
INFO  Selected build system: Maven
INFO  Selected classpath from build system maven
INFO  Selected Java language compliance level: 11
INFO  Applying refactorings from configuration file C:\Users\ybagge\benchmarks\legend-depot\legend-depot-notifications-queue-mongo\.diffblue\refactorings.yml
INFO  Refreshing project state
INFO  Validating refactorings -- this may take a few moments...
INFO  Modifications applied:
INFO    legend-depot-notifications-queue-mongo\pom.xml
INFO  Refactorings completed
INFO  
INFO  [15/34] Refactoring module: org.finos.legend.depot:legend-depot-core-data-api
INFO  =============================================================================
INFO  
INFO  Detected Java version 11.0.27
INFO  Selected build system: Maven
INFO  Selected classpath from build system maven
INFO  Selected Java language compliance level: 11
INFO  Applying refactorings from configuration file C:\Users\ybagge\benchmarks\legend-depot\legend-depot-core-data-api\.diffblue\refactorings.yml
INFO  Refreshing project state
INFO  Validating refactorings -- this may take a few moments...
INFO  Modifications applied:
INFO    legend-depot-core-data-api\pom.xml
INFO  Refactorings completed
INFO  
INFO  [16/34] Refactoring module: org.finos.legend.depot:legend-depot-core-data-services
INFO  ==================================================================================
INFO  
INFO  Detected Java version 11.0.27
INFO  Selected build system: Maven
INFO  Selected classpath from build system maven
INFO  Selected Java language compliance level: 11
INFO  Applying refactorings from configuration file C:\Users\ybagge\benchmarks\legend-depot\legend-depot-core-data-services\.diffblue\refactorings.yml
INFO  Refreshing project state
INFO  Validating refactorings -- this may take a few moments...
INFO  Modifications applied:
INFO    legend-depot-core-data-services\pom.xml
INFO  Refactorings completed
INFO  
INFO  [17/34] Refactoring module: org.finos.legend.depot:legend-depot-core-data-store-mongo
INFO  =====================================================================================
INFO  
INFO  Detected Java version 11.0.27
INFO  Selected build system: Maven
INFO  Selected classpath from build system maven
INFO  Selected Java language compliance level: 11
INFO  Applying refactorings from configuration file C:\Users\ybagge\benchmarks\legend-depot\legend-depot-core-data-store-mongo\.diffblue\refactorings.yml
INFO  Refreshing project state
INFO  Validating refactorings -- this may take a few moments...
INFO  Modifications applied:
INFO    legend-depot-core-data-store-mongo\pom.xml
INFO  Refactorings completed
INFO  
INFO  [18/34] Refactoring module: org.finos.legend.depot:legend-depot-entities-api
INFO  ============================================================================
INFO  
INFO  Detected Java version 11.0.27
INFO  Selected build system: Maven
INFO  Selected classpath from build system maven
INFO  Selected Java language compliance level: 11
INFO  Applying refactorings from configuration file C:\Users\ybagge\benchmarks\legend-depot\legend-depot-entities-api\.diffblue\refactorings.yml
INFO  Refreshing project state
INFO  Validating refactorings -- this may take a few moments...
INFO  Modifications applied:
INFO    legend-depot-entities-api\pom.xml
INFO  Refactorings completed
INFO  
INFO  [19/34] Refactoring module: org.finos.legend.depot:legend-depot-entities-services
INFO  =================================================================================
INFO  
INFO  Detected Java version 11.0.27
INFO  Selected build system: Maven
INFO  Selected classpath from build system maven
INFO  Selected Java language compliance level: 11
INFO  Applying refactorings from configuration file C:\Users\ybagge\benchmarks\legend-depot\legend-depot-entities-services\.diffblue\refactorings.yml
INFO  Refreshing project state
INFO  Validating refactorings -- this may take a few moments...
INFO  Modifications applied:
INFO    legend-depot-entities-services\pom.xml
INFO  Refactorings completed
INFO  
INFO  [20/34] Refactoring module: org.finos.legend.depot:legend-depot-entities-store-mongo
INFO  ====================================================================================
INFO  
INFO  Detected Java version 11.0.27
INFO  Selected build system: Maven
INFO  Selected classpath from build system maven
INFO  Selected Java language compliance level: 11
INFO  Applying refactorings from configuration file C:\Users\ybagge\benchmarks\legend-depot\legend-depot-entities-store-mongo\.diffblue\refactorings.yml
INFO  Refreshing project state
INFO  Validating refactorings -- this may take a few moments...
INFO  Modifications applied:
INFO    legend-depot-entities-store-mongo\pom.xml
INFO  Refactorings completed
INFO  
INFO  [21/34] Refactoring module: org.finos.legend.depot:legend-depot-generations-api
INFO  ===============================================================================
INFO  
INFO  Detected Java version 11.0.27
INFO  Selected build system: Maven
INFO  Selected classpath from build system maven
INFO  Selected Java language compliance level: 11
INFO  Applying refactorings from configuration file C:\Users\ybagge\benchmarks\legend-depot\legend-depot-generations-api\.diffblue\refactorings.yml
INFO  Refreshing project state
INFO  Validating refactorings -- this may take a few moments...
INFO  Modifications applied:
INFO    legend-depot-generations-api\pom.xml
INFO  Refactorings completed
INFO  
INFO  [22/34] Refactoring module: org.finos.legend.depot:legend-depot-generations-services
INFO  ====================================================================================
INFO  
INFO  Detected Java version 11.0.27
INFO  Selected build system: Maven
INFO  Selected classpath from build system maven
INFO  Selected Java language compliance level: 11
INFO  Applying refactorings from configuration file C:\Users\ybagge\benchmarks\legend-depot\legend-depot-generations-services\.diffblue\refactorings.yml
INFO  Refreshing project state
INFO  Validating refactorings -- this may take a few moments...
INFO  Modifications applied:
INFO    legend-depot-generations-services\pom.xml
INFO  Refactorings completed
INFO  
INFO  [23/34] Refactoring module: org.finos.legend.depot:legend-depot-generations-store-mongo
INFO  =======================================================================================
INFO  
INFO  Detected Java version 11.0.27
INFO  Selected build system: Maven
INFO  Selected classpath from build system maven
INFO  Selected Java language compliance level: 11
INFO  Applying refactorings from configuration file C:\Users\ybagge\benchmarks\legend-depot\legend-depot-generations-store-mongo\.diffblue\refactorings.yml
INFO  Refreshing project state
INFO  Validating refactorings -- this may take a few moments...
INFO  Modifications applied:
INFO    legend-depot-generations-store-mongo\pom.xml
INFO  Refactorings completed
INFO  
INFO  [24/34] Refactoring module: org.finos.legend.depot:legend-depot-core-tracing
INFO  ============================================================================
INFO  
INFO  Detected Java version 11.0.27
INFO  Selected build system: Maven
INFO  Selected classpath from build system maven
INFO  Selected Java language compliance level: 11
INFO  Applying refactorings from configuration file C:\Users\ybagge\benchmarks\legend-depot\legend-depot-core-tracing\.diffblue\refactorings.yml
INFO  Refreshing project state
INFO  Validating refactorings -- this may take a few moments...
INFO  Modifications applied:
INFO    legend-depot-core-tracing\pom.xml
INFO  Refactorings completed
INFO  
INFO  [25/34] Refactoring module: org.finos.legend.depot:legend-depot-core-authorisation
INFO  ==================================================================================
INFO  
INFO  Detected Java version 11.0.27
INFO  Selected build system: Maven
INFO  Selected classpath from build system maven
INFO  Selected Java language compliance level: 11
INFO  Applying refactorings from configuration file C:\Users\ybagge\benchmarks\legend-depot\legend-depot-core-authorisation\.diffblue\refactorings.yml
INFO  Refreshing project state
INFO  Validating refactorings -- this may take a few moments...
INFO  Modifications applied:
INFO    legend-depot-core-authorisation\pom.xml
INFO  Refactorings completed
INFO  
INFO  [26/34] Refactoring module: org.finos.legend.depot:legend-depot-artifacts-api
INFO  =============================================================================
INFO  
INFO  Detected Java version 11.0.27
INFO  Selected build system: Maven
INFO  Selected classpath from build system maven
INFO  Selected Java language compliance level: 11
INFO  Applying refactorings from configuration file C:\Users\ybagge\benchmarks\legend-depot\legend-depot-artifacts-api\.diffblue\refactorings.yml
INFO  Refreshing project state
INFO  Validating refactorings -- this may take a few moments...
INFO  Modifications applied:
INFO    legend-depot-artifacts-api\pom.xml
INFO  Refactorings completed
INFO  
INFO  [27/34] Refactoring module: org.finos.legend.depot:legend-depot-artifacts-store-mongo
INFO  =====================================================================================
INFO  
INFO  Detected Java version 11.0.27
INFO  Selected build system: Maven
INFO  Selected classpath from build system maven
INFO  Selected Java language compliance level: 11
INFO  Applying refactorings from configuration file C:\Users\ybagge\benchmarks\legend-depot\legend-depot-artifacts-store-mongo\.diffblue\refactorings.yml
INFO  Refreshing project state
INFO  Validating refactorings -- this may take a few moments...
INFO  Modifications applied:
INFO    legend-depot-artifacts-store-mongo\pom.xml
INFO  Refactorings completed
INFO  
INFO  [28/34] Refactoring module: org.finos.legend.depot:legend-depot-artifacts-services
INFO  ==================================================================================
INFO  
INFO  Detected Java version 11.0.27
INFO  Selected build system: Maven
INFO  Selected classpath from build system maven
INFO  Selected Java language compliance level: 11
INFO  Applying refactorings from configuration file C:\Users\ybagge\benchmarks\legend-depot\legend-depot-artifacts-services\.diffblue\refactorings.yml
INFO  Refreshing project state
INFO  Validating refactorings -- this may take a few moments...
INFO  Modifications applied:
INFO    legend-depot-artifacts-services\pom.xml
INFO  Refactorings completed
INFO  
INFO  [29/34] Refactoring module: org.finos.legend.depot:legend-depot-artifacts-repository-api
INFO  ========================================================================================
INFO  
INFO  Detected Java version 11.0.27
INFO  Selected build system: Maven
INFO  Selected classpath from build system maven
INFO  Selected Java language compliance level: 11
INFO  Applying refactorings from configuration file C:\Users\ybagge\benchmarks\legend-depot\legend-depot-artifacts-repository-api\.diffblue\refactorings.yml
INFO  Refreshing project state
INFO  Validating refactorings -- this may take a few moments...
INFO  Modifications applied:
INFO    legend-depot-artifacts-repository-api\pom.xml
INFO  Refactorings completed
INFO  
INFO  [30/34] Refactoring module: org.finos.legend.depot:legend-depot-artifacts-repository-maven-impl
INFO  ===============================================================================================
INFO  
INFO  Detected Java version 11.0.27
INFO  Selected build system: Maven
INFO  Selected classpath from build system maven
INFO  Selected Java language compliance level: 11
INFO  Applying refactorings from configuration file C:\Users\ybagge\benchmarks\legend-depot\legend-depot-artifacts-repository-maven-impl\.diffblue\refactorings.yml
INFO  Refreshing project state
INFO  Validating refactorings -- this may take a few moments...
INFO  Modifications applied:
INFO    legend-depot-artifacts-repository-maven-impl\pom.xml
INFO  Refactorings completed
INFO  
INFO  [31/34] Refactoring module: org.finos.legend.depot:legend-depot-servers-common
INFO  ==============================================================================
INFO  
INFO  Detected Java version 11.0.27
INFO  Selected build system: Maven
INFO  Selected classpath from build system maven
INFO  Selected Java language compliance level: 11
INFO  Applying refactorings from configuration file C:\Users\ybagge\benchmarks\legend-depot\legend-depot-servers-common\.diffblue\refactorings.yml
INFO  Refreshing project state
INFO  Validating refactorings -- this may take a few moments...
INFO  Modifications applied:
INFO    legend-depot-servers-common\pom.xml
INFO  Refactorings completed
INFO  
INFO  [32/34] Refactoring module: org.finos.legend.depot:legend-depot-server
INFO  ======================================================================
INFO  
INFO  Detected Java version 11.0.27
INFO  Selected build system: Maven
INFO  Selected classpath from build system maven
INFO  Selected Java language compliance level: 11
INFO  Applying refactorings from configuration file C:\Users\ybagge\benchmarks\legend-depot\legend-depot-server\.diffblue\refactorings.yml
INFO  Refactorings completed. No files were modified.
INFO  
INFO  [33/34] Refactoring module: org.finos.legend.depot:legend-depot-store-server
INFO  ============================================================================
INFO  
INFO  Detected Java version 11.0.27
INFO  Selected build system: Maven
INFO  Selected classpath from build system maven
INFO  Selected Java language compliance level: 11
INFO  Applying refactorings from configuration file C:\Users\ybagge\benchmarks\legend-depot\legend-depot-store-server\.diffblue\refactorings.yml
INFO  Refreshing project state
INFO  Validating refactorings -- this may take a few moments...
INFO  Modifications applied:
INFO    legend-depot-store-server\pom.xml
INFO  Refactorings completed
INFO  
INFO  [34/34] Refactoring module: org.finos.legend.depot:legend-depot-core-store-api
INFO  ==============================================================================
INFO  
INFO  Detected Java version 11.0.27
INFO  Selected build system: Maven
INFO  Selected classpath from build system maven
INFO  Selected Java language compliance level: 11
INFO  Applying refactorings from configuration file C:\Users\ybagge\benchmarks\legend-depot\legend-depot-core-store-api\.diffblue\refactorings.yml
INFO  Refreshing project state
INFO  Validating refactorings -- this may take a few moments...
INFO  Modifications applied:
INFO    legend-depot-core-store-api\pom.xml
INFO  Refactorings completed
INFO  
INFO  Run summary:
INFO  ------------
ERROR refactor                                                    ERROR
ERROR - org.finos.legend.depot:legend-depot-test-reports          ERROR
INFO  - org.finos.legend.depot:legend-depot-model                 SUCCESS
INFO  - org.finos.legend.depot:legend-depot-pure-model-context    SUCCESS
INFO  - org.finos.legend.depot:legend-depot-store-mongo           SUCCESS
INFO  - org.finos.legend.depot:legend-depot-core-schedules-api    SUCCESS
INFO  - org.finos.legend.depot:legend-depot-core-schedules        SUCCESS
INFO  - org.finos.legend.depot:legend-depot-core-schedules-store-mongoSUCCESS
INFO  - org.finos.legend.depot:legend-depot-metrics-query-api     SUCCESS
INFO  - org.finos.legend.depot:legend-depot-metrics-query-servicesSUCCESS
INFO  - org.finos.legend.depot:legend-depot-metrics-query-store-mongoSUCCESS
INFO  - org.finos.legend.depot:legend-depot-notifications-api     SUCCESS
INFO  - org.finos.legend.depot:legend-depot-notifications-servicesSUCCESS
INFO  - org.finos.legend.depot:legend-depot-notifications-store-mongoSUCCESS
INFO  - org.finos.legend.depot:legend-depot-notifications-queue-mongoSUCCESS
INFO  - org.finos.legend.depot:legend-depot-core-data-api         SUCCESS
INFO  - org.finos.legend.depot:legend-depot-core-data-services    SUCCESS
INFO  - org.finos.legend.depot:legend-depot-core-data-store-mongo SUCCESS
INFO  - org.finos.legend.depot:legend-depot-entities-api          SUCCESS
INFO  - org.finos.legend.depot:legend-depot-entities-services     SUCCESS
INFO  - org.finos.legend.depot:legend-depot-entities-store-mongo  SUCCESS
INFO  - org.finos.legend.depot:legend-depot-generations-api       SUCCESS
INFO  - org.finos.legend.depot:legend-depot-generations-services  SUCCESS
INFO  - org.finos.legend.depot:legend-depot-generations-store-mongoSUCCESS
INFO  - org.finos.legend.depot:legend-depot-core-tracing          SUCCESS
INFO  - org.finos.legend.depot:legend-depot-core-authorisation    SUCCESS
INFO  - org.finos.legend.depot:legend-depot-artifacts-api         SUCCESS
INFO  - org.finos.legend.depot:legend-depot-artifacts-store-mongo SUCCESS
INFO  - org.finos.legend.depot:legend-depot-artifacts-services    SUCCESS
INFO  - org.finos.legend.depot:legend-depot-artifacts-repository-apiSUCCESS
INFO  - org.finos.legend.depot:legend-depot-artifacts-repository-maven-implSUCCESS
INFO  - org.finos.legend.depot:legend-depot-servers-common        SUCCESS
INFO  - org.finos.legend.depot:legend-depot-server                SUCCESS
INFO  - org.finos.legend.depot:legend-depot-store-server          SUCCESS
INFO  - org.finos.legend.depot:legend-depot-core-store-api        SUCCESS
INFO  
ERROR One or more errors and warnings were logged, please review them in the log file
INFO  Log file: C:\Users\ybagge\benchmarks\legend-depot\.diffblue\log\user-20250618T203404.log
INFO  Finished in 24m 10s
